2025-08-25 19:47:07,200 - INFO - API startup successful - all required files found
2025-08-25 19:51:30,057 - INFO - === NEW REQUEST RECEIVED ===
2025-08-25 19:51:30,058 - INFO - comfyui_url: https://349405dc2eb3.ngrok-free.app
2025-08-25 19:51:30,058 - INFO - images_zip filename: input.zip
2025-08-25 19:51:30,058 - INFO - masks_zip filename: input_processed.zip
2025-08-25 19:51:30,058 - INFO - prompts_json filename: 6292393310444
2025-08-25 19:51:30,058 - INFO - Creating temporary directories...
2025-08-25 19:51:30,059 - INFO - Temp dir: /var/folders/c1/ldxrmn552j738t4qrsd_czr40000gn/T/tmpeg7er0pq
2025-08-25 19:51:30,059 - INFO - Input dir: /var/folders/c1/ldxrmn552j738t4qrsd_czr40000gn/T/tmpeg7er0pq/input_images
2025-08-25 19:51:30,059 - INFO - Masks dir: /var/folders/c1/ldxrmn552j738t4qrsd_czr40000gn/T/tmpeg7er0pq/masks
2025-08-25 19:51:30,059 - INFO - Output dir: /var/folders/c1/ldxrmn552j738t4qrsd_czr40000gn/T/tmpeg7er0pq/output
2025-08-25 19:51:30,060 - INFO - Temporary directories created successfully
2025-08-25 19:51:30,060 - INFO - Starting ZIP extraction...
2025-08-25 19:51:30,060 - INFO - Attempting to extract images ZIP: input.zip
2025-08-25 19:51:30,060 - INFO - === ZIP EXTRACTION START ===
2025-08-25 19:51:30,060 - INFO - Filename: input.zip
2025-08-25 19:51:30,060 - INFO - Content type: application/zip
2025-08-25 19:51:30,060 - INFO - File size: 9553135
2025-08-25 19:51:30,060 - INFO - Reading file content...
2025-08-25 19:51:30,062 - INFO - Content read successfully. Size: 9553135 bytes
2025-08-25 19:51:30,063 - INFO - Creating BytesIO object...
2025-08-25 19:51:30,063 - INFO - BytesIO object created successfully
2025-08-25 19:51:30,063 - INFO - Validating ZIP format...
2025-08-25 19:51:30,064 - INFO - ZIP format validation passed
2025-08-25 19:51:30,064 - INFO - File pointer reset to beginning
2025-08-25 19:51:30,064 - INFO - Opening ZIP file...
2025-08-25 19:51:30,067 - INFO - ZIP file opened. Number of files: 2
2025-08-25 19:51:30,068 - INFO - ZIP file list: ['6292393310444_0002.jpg', 'closeup(1).jpg']...
2025-08-25 19:51:30,068 - INFO - Testing ZIP integrity...
2025-08-25 19:51:30,082 - INFO - ZIP integrity test passed
2025-08-25 19:51:30,082 - INFO - Extracting to: /var/folders/c1/ldxrmn552j738t4qrsd_czr40000gn/T/tmpeg7er0pq/input_images
2025-08-25 19:51:30,113 - INFO - Successfully extracted input.zip to /var/folders/c1/ldxrmn552j738t4qrsd_czr40000gn/T/tmpeg7er0pq/input_images
2025-08-25 19:51:30,114 - INFO - Extracted files: ['6292393310444_0002.jpg', 'closeup(1).jpg']
2025-08-25 19:51:30,114 - INFO - === ZIP EXTRACTION COMPLETED SUCCESSFULLY ===
2025-08-25 19:51:30,114 - INFO - Images ZIP extracted successfully to: /var/folders/c1/ldxrmn552j738t4qrsd_czr40000gn/T/tmpeg7er0pq/input_images
2025-08-25 19:51:30,114 - INFO - Attempting to extract masks ZIP: input_processed.zip
2025-08-25 19:51:30,114 - INFO - === ZIP EXTRACTION START ===
2025-08-25 19:51:30,114 - INFO - Filename: input_processed.zip
2025-08-25 19:51:30,114 - INFO - Content type: application/zip
2025-08-25 19:51:30,114 - INFO - File size: 171778
2025-08-25 19:51:30,114 - INFO - Reading file content...
2025-08-25 19:51:30,114 - INFO - Content read successfully. Size: 171778 bytes
2025-08-25 19:51:30,114 - INFO - Creating BytesIO object...
2025-08-25 19:51:30,114 - INFO - BytesIO object created successfully
2025-08-25 19:51:30,114 - INFO - Validating ZIP format...
2025-08-25 19:51:30,114 - INFO - ZIP format validation passed
2025-08-25 19:51:30,114 - INFO - File pointer reset to beginning
2025-08-25 19:51:30,114 - INFO - Opening ZIP file...
2025-08-25 19:51:30,114 - INFO - ZIP file opened. Number of files: 2
2025-08-25 19:51:30,114 - INFO - ZIP file list: ['6292393310444_0002.jpg', 'closeup(1).jpg']...
2025-08-25 19:51:30,115 - INFO - Testing ZIP integrity...
2025-08-25 19:51:30,115 - INFO - ZIP integrity test passed
2025-08-25 19:51:30,115 - INFO - Extracting to: /var/folders/c1/ldxrmn552j738t4qrsd_czr40000gn/T/tmpeg7er0pq/masks
2025-08-25 19:51:30,117 - INFO - Successfully extracted input_processed.zip to /var/folders/c1/ldxrmn552j738t4qrsd_czr40000gn/T/tmpeg7er0pq/masks
2025-08-25 19:51:30,117 - INFO - Extracted files: ['6292393310444_0002.jpg', 'closeup(1).jpg']
2025-08-25 19:51:30,117 - INFO - === ZIP EXTRACTION COMPLETED SUCCESSFULLY ===
2025-08-25 19:51:30,117 - INFO - Masks ZIP extracted successfully to: /var/folders/c1/ldxrmn552j738t4qrsd_czr40000gn/T/tmpeg7er0pq/masks
2025-08-25 19:51:30,117 - INFO - Reading and validating prompts JSON...
2025-08-25 19:51:30,117 - INFO - Prompts JSON content length: 1261 bytes
2025-08-25 19:51:30,117 - INFO - Converting list format to dictionary format...
2025-08-25 19:51:30,117 - INFO - Converted nested item for product 6292393310444
2025-08-25 19:51:30,117 - INFO - Converted 1 list items to dictionary format
2025-08-25 19:51:30,117 - INFO - Prompts JSON parsed successfully. Number of products: 1
2025-08-25 19:51:30,117 - INFO - Product IDs: ['6292393310444']
2025-08-25 19:51:30,117 - INFO - Loading workflow configuration...
2025-08-25 19:51:30,118 - INFO - Workflow configuration loaded successfully
2025-08-25 19:51:30,118 - INFO - Starting synchronous image processing...
2025-08-25 19:51:30,119 - INFO - ComfyUI URL: https://349405dc2eb3.ngrok-free.app
2025-08-25 19:51:30,119 - INFO - Input directory contents: ['6292393310444_0002.jpg', 'closeup(1).jpg']
2025-08-25 19:51:30,119 - INFO - Masks directory contents: ['6292393310444_0002.jpg', 'closeup(1).jpg']
2025-08-25 19:51:30,119 - INFO - Starting image processing - this will wait for ComfyUI to complete ALL images...
2025-08-25 19:51:30,119 - INFO - Starting to process images...
2025-08-25 19:51:30,120 - INFO - Attempting to upload background image to ComfyUI server: https://349405dc2eb3.ngrok-free.app
2025-08-25 19:51:31,007 - INFO - Uploaded WhiteBackground_Template.png as WhiteBackground_Template_20250825_195130_1a883f54.png (Content-Type: image/png)
2025-08-25 19:51:31,011 - INFO - Found 1 unique style images referenced in prompts.json
2025-08-25 19:51:31,011 - INFO - Required style images: Urban street
2025-08-25 19:51:31,013 - INFO - Found matching files for all 1 required style images
2025-08-25 19:51:31,013 - INFO - Uploading required style image: Urban street.jpg -> Urban street
2025-08-25 19:51:31,646 - INFO - Uploaded Urban street.jpg as Urban street_20250825_195131_3afab46f.jpg (Content-Type: image/jpeg)
2025-08-25 19:51:31,648 - INFO - Successfully uploaded style image for 'Urban street'
2025-08-25 19:51:31,648 - INFO - Successfully uploaded all 1 required style images
2025-08-25 19:51:31,649 - INFO - Processing product ID: 6292393310444
2025-08-25 19:51:31,649 - INFO - Processing product 6292393310444 (1/1) - Progress: 100%
2025-08-25 19:51:31,649 - INFO - Looking for style image: Urban street
2025-08-25 19:51:31,649 - WARNING - Product directories not found for 6292393310444
2025-08-25 19:51:31,649 - WARNING - Input folder contents: ['6292393310444_0002.jpg', 'closeup(1).jpg']
2025-08-25 19:51:31,649 - WARNING - Mask folder contents: ['6292393310444_0002.jpg', 'closeup(1).jpg']
2025-08-25 19:51:31,649 - INFO - Processing completed successfully!
2025-08-25 19:51:31,650 - INFO - Total products processed: 1
2025-08-25 19:51:31,650 - INFO - Successful images: 0
2025-08-25 19:51:31,650 - INFO - Failed images: 0
2025-08-25 19:51:31,650 - ERROR - Fatal error during processing: No images were successfully processed
2025-08-25 19:51:31,650 - ERROR - Image processing failed: No images were successfully processed
2025-08-25 19:51:31,653 - INFO - Temporary directory cleaned up
2025-08-25 19:51:31,653 - ERROR - Unexpected error in process_images endpoint: 
2025-08-25 19:51:31,653 - ERROR - Error type: HTTPException
2025-08-25 19:51:31,657 - ERROR - Traceback: Traceback (most recent call last):
  File "/Users/apple/Desktop/Automation Dashboard API/Final Workflow n8n Working/api.py", line 811, in process_images
    process_images_api(
  File "/Users/apple/Desktop/Automation Dashboard API/Final Workflow n8n Working/api.py", line 686, in process_images_api
    raise Exception("No images were successfully processed")
Exception: No images were successfully processed

During handling of the above exception, another exception occurred:

Traceback (most recent call last):
  File "/Users/apple/Desktop/Automation Dashboard API/Final Workflow n8n Working/api.py", line 823, in process_images
    raise HTTPException(status_code=500, detail=f"Image processing failed: {str(e)}")
fastapi.exceptions.HTTPException

