2025-08-25 19:53:43,008 - INFO - API startup successful - all required files found
2025-08-25 19:57:19,956 - INFO - === NEW REQUEST RECEIVED ===
2025-08-25 19:57:19,957 - INFO - comfyui_url: https://349405dc2eb3.ngrok-free.app
2025-08-25 19:57:19,957 - INFO - images_zip filename: input.zip
2025-08-25 19:57:19,957 - INFO - masks_zip filename: input_processed.zip
2025-08-25 19:57:19,957 - INFO - prompts_json filename: 6292393310444
2025-08-25 19:57:19,957 - INFO - Creating temporary directories...
2025-08-25 19:57:19,958 - INFO - Temp dir: /var/folders/c1/ldxrmn552j738t4qrsd_czr40000gn/T/tmprffyeyid
2025-08-25 19:57:19,958 - INFO - Input dir: /var/folders/c1/ldxrmn552j738t4qrsd_czr40000gn/T/tmprffyeyid/input_images
2025-08-25 19:57:19,958 - INFO - Masks dir: /var/folders/c1/ldxrmn552j738t4qrsd_czr40000gn/T/tmprffyeyid/masks
2025-08-25 19:57:19,958 - INFO - Output dir: /var/folders/c1/ldxrmn552j738t4qrsd_czr40000gn/T/tmprffyeyid/output
2025-08-25 19:57:19,958 - INFO - Temporary directories created successfully
2025-08-25 19:57:19,959 - INFO - Starting ZIP extraction...
2025-08-25 19:57:19,959 - INFO - Attempting to extract images ZIP: input.zip
2025-08-25 19:57:19,959 - INFO - === ZIP EXTRACTION START ===
2025-08-25 19:57:19,959 - INFO - Filename: input.zip
2025-08-25 19:57:19,959 - INFO - Content type: application/zip
2025-08-25 19:57:19,960 - INFO - File size: 9553135
2025-08-25 19:57:19,960 - INFO - Reading file content...
2025-08-25 19:57:19,962 - INFO - Content read successfully. Size: 9553135 bytes
2025-08-25 19:57:19,965 - INFO - Creating BytesIO object...
2025-08-25 19:57:19,966 - INFO - BytesIO object created successfully
2025-08-25 19:57:19,966 - INFO - Validating ZIP format...
2025-08-25 19:57:19,966 - INFO - ZIP format validation passed
2025-08-25 19:57:19,966 - INFO - File pointer reset to beginning
2025-08-25 19:57:19,966 - INFO - Opening ZIP file...
2025-08-25 19:57:19,967 - INFO - ZIP file opened. Number of files: 2
2025-08-25 19:57:19,973 - INFO - ZIP file list: ['6292393310444_0002.jpg', 'closeup(1).jpg']...
2025-08-25 19:57:19,973 - INFO - Testing ZIP integrity...
2025-08-25 19:57:19,982 - INFO - ZIP integrity test passed
2025-08-25 19:57:19,983 - INFO - Extracting to: /var/folders/c1/ldxrmn552j738t4qrsd_czr40000gn/T/tmprffyeyid/input_images
2025-08-25 19:57:19,992 - INFO - Successfully extracted input.zip to /var/folders/c1/ldxrmn552j738t4qrsd_czr40000gn/T/tmprffyeyid/input_images
2025-08-25 19:57:19,992 - INFO - Extracted files: ['6292393310444_0002.jpg', 'closeup(1).jpg']
2025-08-25 19:57:19,992 - INFO - === ZIP EXTRACTION COMPLETED SUCCESSFULLY ===
2025-08-25 19:57:19,992 - INFO - Images ZIP extracted successfully to: /var/folders/c1/ldxrmn552j738t4qrsd_czr40000gn/T/tmprffyeyid/input_images
2025-08-25 19:57:19,992 - INFO - Attempting to extract masks ZIP: input_processed.zip
2025-08-25 19:57:19,992 - INFO - === ZIP EXTRACTION START ===
2025-08-25 19:57:19,992 - INFO - Filename: input_processed.zip
2025-08-25 19:57:19,993 - INFO - Content type: application/zip
2025-08-25 19:57:19,993 - INFO - File size: 171778
2025-08-25 19:57:19,993 - INFO - Reading file content...
2025-08-25 19:57:19,993 - INFO - Content read successfully. Size: 171778 bytes
2025-08-25 19:57:19,993 - INFO - Creating BytesIO object...
2025-08-25 19:57:19,993 - INFO - BytesIO object created successfully
2025-08-25 19:57:19,993 - INFO - Validating ZIP format...
2025-08-25 19:57:19,993 - INFO - ZIP format validation passed
2025-08-25 19:57:19,993 - INFO - File pointer reset to beginning
2025-08-25 19:57:19,993 - INFO - Opening ZIP file...
2025-08-25 19:57:19,993 - INFO - ZIP file opened. Number of files: 2
2025-08-25 19:57:19,993 - INFO - ZIP file list: ['6292393310444_0002.jpg', 'closeup(1).jpg']...
2025-08-25 19:57:19,993 - INFO - Testing ZIP integrity...
2025-08-25 19:57:19,995 - INFO - ZIP integrity test passed
2025-08-25 19:57:19,995 - INFO - Extracting to: /var/folders/c1/ldxrmn552j738t4qrsd_czr40000gn/T/tmprffyeyid/masks
2025-08-25 19:57:19,997 - INFO - Successfully extracted input_processed.zip to /var/folders/c1/ldxrmn552j738t4qrsd_czr40000gn/T/tmprffyeyid/masks
2025-08-25 19:57:19,997 - INFO - Extracted files: ['6292393310444_0002.jpg', 'closeup(1).jpg']
2025-08-25 19:57:19,997 - INFO - === ZIP EXTRACTION COMPLETED SUCCESSFULLY ===
2025-08-25 19:57:19,997 - INFO - Masks ZIP extracted successfully to: /var/folders/c1/ldxrmn552j738t4qrsd_czr40000gn/T/tmprffyeyid/masks
2025-08-25 19:57:19,997 - INFO - Reading and validating prompts JSON...
2025-08-25 19:57:19,997 - INFO - Prompts JSON content length: 1137 bytes
2025-08-25 19:57:19,997 - INFO - Converting list format to dictionary format...
2025-08-25 19:57:19,997 - INFO - Converted nested item for product 6292393310444
2025-08-25 19:57:19,997 - INFO - Converted 1 list items to dictionary format
2025-08-25 19:57:19,997 - INFO - Prompts JSON parsed successfully. Number of products: 1
2025-08-25 19:57:19,998 - INFO - Product IDs: ['6292393310444']
2025-08-25 19:57:19,998 - INFO - Loading workflow configuration...
2025-08-25 19:57:19,999 - INFO - Workflow configuration loaded successfully
2025-08-25 19:57:19,999 - INFO - Starting synchronous image processing...
2025-08-25 19:57:19,999 - INFO - ComfyUI URL: https://349405dc2eb3.ngrok-free.app
2025-08-25 19:57:19,999 - INFO - Input directory contents: ['6292393310444_0002.jpg', 'closeup(1).jpg']
2025-08-25 19:57:19,999 - INFO - Masks directory contents: ['6292393310444_0002.jpg', 'closeup(1).jpg']
2025-08-25 19:57:19,999 - INFO - Starting image processing - this will wait for ComfyUI to complete ALL images...
2025-08-25 19:57:19,999 - INFO - Starting to process images...
2025-08-25 19:57:19,999 - INFO - Attempting to upload background image to ComfyUI server: https://349405dc2eb3.ngrok-free.app
2025-08-25 19:57:20,844 - INFO - Uploaded WhiteBackground_Template.png as WhiteBackground_Template_20250825_195719_b6db7680.png (Content-Type: image/png)
2025-08-25 19:57:20,848 - INFO - Found 1 unique style images referenced in prompts.json
2025-08-25 19:57:20,848 - INFO - Required style images: Urban street
2025-08-25 19:57:20,850 - INFO - Found matching files for all 1 required style images
2025-08-25 19:57:20,850 - INFO - Uploading required style image: Urban street.jpg -> Urban street
2025-08-25 19:57:21,763 - INFO - Uploaded Urban street.jpg as Urban street_20250825_195720_5e6ea251.jpg (Content-Type: image/jpeg)
2025-08-25 19:57:21,766 - INFO - Successfully uploaded style image for 'Urban street'
2025-08-25 19:57:21,766 - INFO - Successfully uploaded all 1 required style images
2025-08-25 19:57:21,766 - INFO - Processing product ID: 6292393310444
2025-08-25 19:57:21,766 - INFO - Processing product 6292393310444 (1/1) - Progress: 100%
2025-08-25 19:57:21,766 - INFO - Looking for style image: Urban street
2025-08-25 19:57:21,767 - WARNING - Product directories not found for 6292393310444
2025-08-25 19:57:21,767 - WARNING - Input folder contents: ['6292393310444_0002.jpg', 'closeup(1).jpg']
2025-08-25 19:57:21,767 - WARNING - Mask folder contents: ['6292393310444_0002.jpg', 'closeup(1).jpg']
2025-08-25 19:57:21,767 - INFO - Processing completed successfully!
2025-08-25 19:57:21,767 - INFO - Total products processed: 1
2025-08-25 19:57:21,767 - INFO - Successful images: 0
2025-08-25 19:57:21,767 - INFO - Failed images: 0
2025-08-25 19:57:21,768 - ERROR - Fatal error during processing: No images were successfully processed
2025-08-25 19:57:21,768 - ERROR - Image processing failed: No images were successfully processed
2025-08-25 19:57:21,771 - INFO - Temporary directory cleaned up
2025-08-25 19:57:21,771 - ERROR - Unexpected error in process_images endpoint: 
2025-08-25 19:57:21,771 - ERROR - Error type: HTTPException
2025-08-25 19:57:21,775 - ERROR - Traceback: Traceback (most recent call last):
  File "/Users/apple/Desktop/Automation Dashboard API/Final Workflow n8n Working/api.py", line 811, in process_images
    process_images_api(
  File "/Users/apple/Desktop/Automation Dashboard API/Final Workflow n8n Working/api.py", line 686, in process_images_api
    raise Exception("No images were successfully processed")
Exception: No images were successfully processed

During handling of the above exception, another exception occurred:

Traceback (most recent call last):
  File "/Users/apple/Desktop/Automation Dashboard API/Final Workflow n8n Working/api.py", line 823, in process_images
    raise HTTPException(status_code=500, detail=f"Image processing failed: {str(e)}")
fastapi.exceptions.HTTPException

